---
source: crates/ruff_linter/src/rules/pylint/mod.rs
---
invalid_characters.py:15:6: PLE2510 [*] Invalid unescaped character backspace, use "\b" instead
   |
13 | #        (Pylint, "C3002") => Rule::UnnecessaryDirectLambdaCall,
14 | #foo = 'hi'
15 | b = '␈'
   |      ^ PLE2510
16 | b = f'␈'
   |
   = help: Replace with escape sequence

ℹ Safe fix
12 12 | #        (Pylint, "C0414") => Rule::UselessImportAlias,
13 13 | #        (Pylint, "C3002") => Rule::UnnecessaryDirectLambdaCall,
14 14 | #foo = 'hi'
15    |-b = '␈'
   15 |+b = '\b'
16 16 | b = f'␈'
17 17 | 
18 18 | b_ok = '\\b'

invalid_characters.py:16:7: PLE2510 [*] Invalid unescaped character backspace, use "\b" instead
   |
14 | #foo = 'hi'
15 | b = '␈'
16 | b = f'␈'
   |       ^ PLE2510
17 | 
18 | b_ok = '\\b'
   |
   = help: Replace with escape sequence

ℹ Safe fix
13 13 | #        (Pylint, "C3002") => Rule::UnnecessaryDirectLambdaCall,
14 14 | #foo = 'hi'
15 15 | b = '␈'
16    |-b = f'␈'
   16 |+b = f'\b'
17 17 | 
18 18 | b_ok = '\\b'
19 19 | b_ok = f'\\b'

invalid_characters.py:55:21: PLE2510 [*] Invalid unescaped character backspace, use "\b" instead
   |
53 | zwsp_after_multicharacter_grapheme_cluster = f"ಫ್ರಾನ್ಸಿಸ್ಕೊ ​​"
54 | 
55 | nested_fstrings = f'␈{f'{f'␛'}'}'
   |                     ^ PLE2510
56 | 
57 | # https://github.com/astral-sh/ruff/issues/7455#issuecomment-1741998106
   |
   = help: Replace with escape sequence

ℹ Safe fix
52 52 | zwsp_after_multicharacter_grapheme_cluster = "ಫ್ರಾನ್ಸಿಸ್ಕೊ ​​"
53 53 | zwsp_after_multicharacter_grapheme_cluster = f"ಫ್ರಾನ್ಸಿಸ್ಕೊ ​​"
54 54 | 
55    |-nested_fstrings = f'␈{f'{f'␛'}'}'
   55 |+nested_fstrings = f'\b{f'{f'␛'}'}'
56 56 | 
57 57 | # https://github.com/astral-sh/ruff/issues/7455#issuecomment-1741998106
58 58 | x = f"""}}ab"""

invalid_characters.py:63:35: PLE2510 [*] Invalid unescaped character backspace, use "\b" instead
   |
62 | # https://github.com/astral-sh/ruff/issues/13294#issuecomment-2341955180
63 | raw_single_singlequote = r'\ \' " ␈'
   |                                   ^ PLE2510
64 | raw_triple_singlequote = r'''\ ' " '''
65 | raw_triple_singlequote_2 = r'''​ \''' \''''
   |
   = help: Replace with escape sequence

ℹ Safe fix
60 60 | x = f"""}}a␛b"""
61 61 | 
62 62 | # https://github.com/astral-sh/ruff/issues/13294#issuecomment-2341955180
63    |-raw_single_singlequote = r'\ \' " ␈'
   63 |+raw_single_singlequote = '\\ \\\' " \b'
64 64 | raw_triple_singlequote = r'''\ ' " '''
65 65 | raw_triple_singlequote_2 = r'''​ \''' \''''
66 66 | raw_single_doublequote = r"\ ' \" ␛"

invalid_characters.py:77:1: PLE2510 [*] Invalid unescaped character backspace, use "\b" instead
   |
75 | raw_single_doublequote_multiline = r"' \
76 | \" \
77 | ␈"
   | ^ PLE2510
78 | raw_triple_doublequote_multiline = r"""' \
79 | " \
   |
   = help: Replace with escape sequence

ℹ Safe fix
72 72 | raw_triple_singlequote_multiline = r'''' \
73 73 | " \
74 74 | '''
75    |-raw_single_doublequote_multiline = r"' \
76    |-\" \
77    |-␈"
   75 |+raw_single_doublequote_multiline = "' \\\n\
   76 |+\\\" \\\n\
   77 |+\b"
78 78 | raw_triple_doublequote_multiline = r"""' \
79 79 | " \
80 80 | ␈"""

invalid_characters.py:80:1: PLE2510 [*] Invalid unescaped character backspace, use "\b" instead
   |
78 | raw_triple_doublequote_multiline = r"""' \
79 | " \
80 | ␈"""
   | ^ PLE2510
81 | raw_nested_fstrings = rf'␈\ {rf'\ {rf'␛\' '}'}'
   |
   = help: Replace with escape sequence

ℹ Safe fix
75 75 | raw_single_doublequote_multiline = r"' \
76 76 | \" \
77 77 | ␈"
78    |-raw_triple_doublequote_multiline = r"""' \
79    |-" \
80    |-␈"""
   78 |+raw_triple_doublequote_multiline = """' \\
   79 |+" \\
   80 |+\b"""
81 81 | raw_nested_fstrings = rf'␈\ {rf'\ {rf'␛\' '}'}'

invalid_characters.py:81:26: PLE2510 [*] Invalid unescaped character backspace, use "\b" instead
   |
79 | " \
80 | ␈"""
81 | raw_nested_fstrings = rf'␈\ {rf'\ {rf'␛\' '}'}'
   |                          ^ PLE2510
   |
   = help: Replace with escape sequence

ℹ Safe fix
78 78 | raw_triple_doublequote_multiline = r"""' \
79 79 | " \
80 80 | ␈"""
81    |-raw_nested_fstrings = rf'␈\ {rf'\ {rf'␛\' '}'}'
   81 |+raw_nested_fstrings = f'\b\\ {rf'\ {rf'␛\' '}'}'
